Using pre-set license
Built from '2022.3/china_unity/release' branch; Version is '2022.3.55f1c1 (06b99830297d) revision 440728'; Using compiler version '192829333'; Build Type 'Release'
OS: 'Windows 10  (10.0.19045) 64bit Professional' Language: 'zh' Physical Memory: 16068 MB
BatchMode: 1, IsHumanControllingUs: 0, StartBugReporterOnCrash: 0, Is64bit: 1, IsPro: 1

COMMAND LINE ARGUMENTS:
D:\unity\2022.3.55f1c1\Editor\Unity.exe
-adb2
-batchMode
-noUpm
-name
AssetImportWorker2
-projectPath
D:/BaiduNetdiskDownload/our-fps/our-fps
-logFile
Logs/AssetImportWorker2.log
-srvPort
64752
Successfully changed project path to: D:/BaiduNetdiskDownload/our-fps/our-fps
D:/BaiduNetdiskDownload/our-fps/our-fps
[UnityMemory] Configuration Parameters - Can be set up in boot.config
    "memorysetup-bucket-allocator-granularity=16"
    "memorysetup-bucket-allocator-bucket-count=8"
    "memorysetup-bucket-allocator-block-size=33554432"
    "memorysetup-bucket-allocator-block-count=8"
    "memorysetup-main-allocator-block-size=16777216"
    "memorysetup-thread-allocator-block-size=16777216"
    "memorysetup-gfx-main-allocator-block-size=16777216"
    "memorysetup-gfx-thread-allocator-block-size=16777216"
    "memorysetup-cache-allocator-block-size=4194304"
    "memorysetup-typetree-allocator-block-size=2097152"
    "memorysetup-profiler-bucket-allocator-granularity=16"
    "memorysetup-profiler-bucket-allocator-bucket-count=8"
    "memorysetup-profiler-bucket-allocator-block-size=33554432"
    "memorysetup-profiler-bucket-allocator-block-count=8"
    "memorysetup-profiler-allocator-block-size=16777216"
    "memorysetup-profiler-editor-allocator-block-size=1048576"
    "memorysetup-temp-allocator-size-main=16777216"
    "memorysetup-job-temp-allocator-block-size=2097152"
    "memorysetup-job-temp-allocator-block-size-background=1048576"
    "memorysetup-job-temp-allocator-reduction-small-platforms=262144"
    "memorysetup-allocator-temp-initial-block-size-main=262144"
    "memorysetup-allocator-temp-initial-block-size-worker=262144"
    "memorysetup-temp-allocator-size-background-worker=32768"
    "memorysetup-temp-allocator-size-job-worker=262144"
    "memorysetup-temp-allocator-size-preload-manager=33554432"
    "memorysetup-temp-allocator-size-nav-mesh-worker=65536"
    "memorysetup-temp-allocator-size-audio-worker=65536"
    "memorysetup-temp-allocator-size-cloud-worker=32768"
    "memorysetup-temp-allocator-size-gi-baking-worker=262144"
    "memorysetup-temp-allocator-size-gfx=262144"
Player connection [14068]  Target information:

Player connection [14068]  * "[IP] 172.22.16.1 [Port] 0 [Flags] 2 [Guid] 229232187 [EditorId] 229232187 [Version] 1048832 [Id] WindowsEditor(7,DESKTOP-A2F9F3B) [Debug] 1 [PackageName] WindowsEditor [ProjectName] Editor" 

Player connection [14068]  * "[IP] 192.168.79.1 [Port] 0 [Flags] 2 [Guid] 229232187 [EditorId] 229232187 [Version] 1048832 [Id] WindowsEditor(7,DESKTOP-A2F9F3B) [Debug] 1 [PackageName] WindowsEditor [ProjectName] Editor" 

Player connection [14068]  * "[IP] 192.168.188.1 [Port] 0 [Flags] 2 [Guid] 229232187 [EditorId] 229232187 [Version] 1048832 [Id] WindowsEditor(7,DESKTOP-A2F9F3B) [Debug] 1 [PackageName] WindowsEditor [ProjectName] Editor" 

Player connection [14068]  * "[IP] 10.162.143.224 [Port] 0 [Flags] 2 [Guid] 229232187 [EditorId] 229232187 [Version] 1048832 [Id] WindowsEditor(7,DESKTOP-A2F9F3B) [Debug] 1 [PackageName] WindowsEditor [ProjectName] Editor" 

Player connection [14068] Host joined multi-casting on [225.0.0.222:54997]...
Player connection [14068] Host joined alternative multi-casting on [225.0.0.222:34997]...
[PhysX] Initialized MultithreadedTaskDispatcher with 16 workers.
Refreshing native plugins compatible for Editor in 52.56 ms, found 13 plugins.
Preloading 1 native plugins for Editor in 0.91 ms.
Initialize engine version: 2022.3.55f1c1 (06b99830297d)
[Subsystems] Discovering subsystems at path D:/unity/2022.3.55f1c1/Editor/Data/Resources/UnitySubsystems
[Subsystems] Discovering subsystems at path D:/BaiduNetdiskDownload/our-fps/our-fps/Assets
GfxDevice: creating device client; threaded=0; jobified=0
Direct3D:
    Version:  Direct3D 11.0 [level 11.1]
    Renderer: NVIDIA GeForce MX570 (ID=0x25a6)
    Vendor:   NVIDIA
    VRAM:     1934 MB
    Driver:   32.0.15.6094
Initialize mono
Mono path[0] = 'D:/unity/2022.3.55f1c1/Editor/Data/Managed'
Mono path[1] = 'D:/unity/2022.3.55f1c1/Editor/Data/MonoBleedingEdge/lib/mono/unityjit-win32'
Mono config path = 'D:/unity/2022.3.55f1c1/Editor/Data/MonoBleedingEdge/etc'
Using monoOptions --debugger-agent=transport=dt_socket,embedding=1,server=y,suspend=n,address=127.0.0.1:56168
Begin MonoManager ReloadAssembly
Registering precompiled unity dll's ...
Register platform support module: D:/unity/2022.3.55f1c1/Editor/Data/PlaybackEngines/WebGLSupport/UnityEditor.WebGL.Extensions.dll
Register platform support module: D:/unity/2022.3.55f1c1/Editor/Data/PlaybackEngines/AndroidPlayer/UnityEditor.Android.Extensions.dll
Register platform support module: D:/unity/2022.3.55f1c1/Editor/Data/PlaybackEngines/WindowsStandaloneSupport/UnityEditor.WindowsStandalone.Extensions.dll
Registered in 0.011360 seconds.
- Loaded All Assemblies, in  0.598 seconds
Native extension for WindowsStandalone target not found
Native extension for Android target not found
Android Extension - Scanning For ADB Devices 532 ms
Native extension for WebGL target not found
Mono: successfully reloaded assembly
- Finished resetting the current domain, in  1.034 seconds
Domain Reload Profiling: 1632ms
	BeginReloadAssembly (211ms)
		ExecutionOrderSort (0ms)
		DisableScriptedObjects (0ms)
		BackupInstance (0ms)
		ReleaseScriptingObjects (0ms)
		CreateAndSetChildDomain (1ms)
	RebuildCommonClasses (55ms)
	RebuildNativeTypeToScriptingClass (17ms)
	initialDomainReloadingComplete (81ms)
	LoadAllAssembliesAndSetupDomain (234ms)
		LoadAssemblies (214ms)
		RebuildTransferFunctionScriptingTraits (0ms)
		AnalyzeDomain (227ms)
			TypeCache.Refresh (225ms)
				TypeCache.ScanAssembly (204ms)
			ScanForSourceGeneratedMonoScriptInfo (0ms)
			ResolveRequiredComponents (1ms)
	FinalizeReload (1035ms)
		ReleaseScriptCaches (0ms)
		RebuildScriptCaches (0ms)
		SetupLoadedEditorAssemblies (959ms)
			LogAssemblyErrors (0ms)
			InitializePlatformSupportModulesInManaged (656ms)
			SetLoadedEditorAssemblies (6ms)
			RefreshPlugins (0ms)
			BeforeProcessingInitializeOnLoad (4ms)
			ProcessInitializeOnLoadAttributes (210ms)
			ProcessInitializeOnLoadMethodAttributes (83ms)
			AfterProcessingInitializeOnLoad (0ms)
			EditorAssembliesLoaded (0ms)
		ExecutionOrderSort2 (0ms)
		AwakeInstancesAfterBackupRestoration (0ms)
========================================================================
Worker process is ready to serve import requests
Caller must complete domain reload
Begin MonoManager ReloadAssembly
Symbol file LoadedFromMemory is not a mono symbol file
- Loaded All Assemblies, in  2.209 seconds
Native extension for WindowsStandalone target not found
Native extension for Android target not found
Native extension for WebGL target not found
Package Manager log level set to [2]
[Package Manager] Server::EnsureServerProcessIsRunning -- launch failed, reason: Unity was launched with the -noUpm command-line argument
[Package Manager] UpmClient::Send -- Unable to send message (not connected to UPM process).
[Package Manager] Cannot connect to Unity Package Manager local server
System.Reflection.TargetInvocationException: Exception has been thrown by the target of an invocation. ---> System.NullReferenceException: Object reference not set to an instance of an object
  at Unity.XR.Oculus.OculusLoader.AssetPathToAbsolutePath (System.String assetPath) [0x0003d] in .\Library\PackageCache\com.unity.xr.oculus@4.4.0\Runtime\OculusLoader.cs:307 
  at Unity.XR.Oculus.OculusLoader.EditorLoadOVRPlugin () [0x0008c] in .\Library\PackageCache\com.unity.xr.oculus@4.4.0\Runtime\OculusLoader.cs:292 
  at (wrapper managed-to-native) System.Reflection.RuntimeMethodInfo.InternalInvoke(System.Reflection.RuntimeMethodInfo,object,object[],System.Exception&)
  at System.Reflection.RuntimeMethodInfo.Invoke (System.Object obj, System.Reflection.BindingFlags invokeAttr, System.Reflection.Binder binder, System.Object[] parameters, System.Globalization.CultureInfo culture) [0x0006a] in <de920293e401402ab375ad8a2e1b19da>:0 
   --- End of inner exception stack trace ---
  at System.Reflection.RuntimeMethodInfo.Invoke (System.Object obj, System.Reflection.BindingFlags invokeAttr, System.Reflection.Binder binder, System.Object[] parameters, System.Globalization.CultureInfo culture) [0x00083] in <de920293e401402ab375ad8a2e1b19da>:0 
  at System.Reflection.MethodBase.Invoke (System.Object obj, System.Object[] parameters) [0x00000] in <de920293e401402ab375ad8a2e1b19da>:0 
  at UnityEditor.EditorAssemblies.ProcessInitializeOnLoadMethodAttributes () [0x000a5] in <640f15c92bca44e9b6f40fd24ba493a2>:0 
UnityEngine.StackTraceUtility:ExtractStackTrace ()
UnityEngine.DebugLogHandler:LogFormat (UnityEngine.LogType,UnityEngine.Object,string,object[])
UnityEngine.Logger:Log (UnityEngine.LogType,object)
UnityEngine.Debug:LogError (object)
UnityEditor.EditorAssemblies:ProcessInitializeOnLoadMethodAttributes ()

Mono: successfully reloaded assembly
[Package Manager] Server::EnsureServerProcessIsRunning -- launch failed, reason: Unity was launched with the -noUpm command-line argument
[Package Manager] UpmClient::Send -- Unable to send message (not connected to UPM process).
[Package Manager] Cannot connect to Unity Package Manager local server
[Package Manager] Server::EnsureServerProcessIsRunning -- launch failed, reason: Unity was launched with the -noUpm command-line argument
[Package Manager] UpmClient::Send -- Unable to send message (not connected to UPM process).
[Package Manager] Cannot connect to Unity Package Manager local server
- Finished resetting the current domain, in  1.499 seconds
Domain Reload Profiling: 3706ms
	BeginReloadAssembly (440ms)
		ExecutionOrderSort (0ms)
		DisableScriptedObjects (10ms)
		BackupInstance (0ms)
		ReleaseScriptingObjects (1ms)
		CreateAndSetChildDomain (53ms)
	RebuildCommonClasses (79ms)
	RebuildNativeTypeToScriptingClass (17ms)
	initialDomainReloadingComplete (57ms)
	LoadAllAssembliesAndSetupDomain (1614ms)
		LoadAssemblies (1301ms)
		RebuildTransferFunctionScriptingTraits (0ms)
		AnalyzeDomain (598ms)
			TypeCache.Refresh (501ms)
				TypeCache.ScanAssembly (451ms)
			ScanForSourceGeneratedMonoScriptInfo (76ms)
			ResolveRequiredComponents (19ms)
	FinalizeReload (1499ms)
		ReleaseScriptCaches (0ms)
		RebuildScriptCaches (0ms)
		SetupLoadedEditorAssemblies (1237ms)
			LogAssemblyErrors (0ms)
			InitializePlatformSupportModulesInManaged (24ms)
			SetLoadedEditorAssemblies (5ms)
			RefreshPlugins (0ms)
			BeforeProcessingInitializeOnLoad (128ms)
			ProcessInitializeOnLoadAttributes (709ms)
			ProcessInitializeOnLoadMethodAttributes (366ms)
			AfterProcessingInitializeOnLoad (5ms)
			EditorAssembliesLoaded (0ms)
		ExecutionOrderSort2 (0ms)
		AwakeInstancesAfterBackupRestoration (11ms)
Launched and connected shader compiler UnityShaderCompiler.exe after 0.10 seconds
Refreshing native plugins compatible for Editor in 31.28 ms, found 13 plugins.
Preloading 1 native plugins for Editor in 1.08 ms.
Unloading 7552 Unused Serialized files (Serialized files now loaded: 0)
Unloading 155 unused Assets / (1.6 MB). Loaded Objects now: 7981.
Memory consumption went from 366.0 MB to 364.3 MB.
Total: 17.733200 ms (FindLiveObjects: 0.825600 ms CreateObjectMapping: 0.451800 ms MarkObjects: 15.097300 ms  DeleteObjects: 1.355200 ms)

AssetImportParameters requested are different than current active one (requested -> active):
  custom:container-demuxer-ogg: 62fdf1f143b41e24485cea50d1cbac27 -> 
  custom:framework-win-MediaFoundation: 216162199b28c13a410421893ffa2e32 -> 
  custom:scripting/monoscript/fileName/SimpleVRBat.cs: 913a1ca9a4d62e37a62a9de5de30682e -> 
  custom:container-muxer-webm: aa71ff27fc2769a1b78a27578f13a17b -> 
  custom:video-decoder-webm-vp8: 9c59270c3fd7afecdb556c50c9e8de78 -> 
  custom:SearchIndexIgnoredProperties: e643bd26f0fe6173181afceb89e7c659 -> 
  custom:AudioImporter_EditorPlatform: d09bf68614088b80899f8185d706f6e7 -> 
  custom:audio-decoder-ogg-vorbis: bf7c407c2cedff20999df2af8eb42d56 -> 
  custom:audio-encoder-webm-vorbis: bf7c407c2cedff20999df2af8eb42d56 -> 
  custom:scripting/monoscript/fileName/VRHeadRotationSync.cs: 160a133c8713cf1d5ed38632d5d3922f -> 
  custom:scripting/monoscript/fileName/VRBaseballBat.cs: b177bd998e278abccf7859ca81923544 -> 
  custom:video-decoder-ogg-theora: a1e56fd34408186e4bbccfd4996cb3dc -> 
  custom:CustomObjectIndexerAttribute: 72b91833f83ae208fae7752999fa3104 -> 
  custom:container-demuxer-webm: 4f35f7cbe854078d1ac9338744f61a02 -> 
  custom:video-encoder-webm-vp8: eb34c28f22e8b96e1ab97ce403110664 -> 
========================================================================
Received Import Request.
  Time since last request: 99722.497101 seconds.
  path: Assets/Low Poly FPS Pack/Components/Audio/Gun_Reloads/Assault_Rifle_03_Reloads/assault_rifle_03_reload_out_of_ammo.mp3
  artifactKey: Guid(6ea3f126624d1d34e988448241ce964b) Importer(815301076,1909f56bfc062723c751e8b465ee728b)
Start importing Assets/Low Poly FPS Pack/Components/Audio/Gun_Reloads/Assault_Rifle_03_Reloads/assault_rifle_03_reload_out_of_ammo.mp3 using Guid(6ea3f126624d1d34e988448241ce964b) Importer(815301076,1909f56bfc062723c751e8b465ee728b) [PhysX] Initialized MultithreadedTaskDispatcher with 16 workers.
[PhysX] Initialized MultithreadedTaskDispatcher with 16 workers.
 -> (artifact id: '7200d6ef6e897ed1281ec0c2cdfe1915') in 0.204641 seconds
Number of updated asset objects reloaded before import = 0
Number of asset objects unloaded after import = 2
========================================================================
Received Import Request.
  Time since last request: 14.254892 seconds.
  path: Assets/Low Poly FPS Pack/Components/Audio/Casings_&_Shells/casing-sound-1.wav
  artifactKey: Guid(39a52c8570aa5ee4b8c76570a3eda151) Importer(815301076,1909f56bfc062723c751e8b465ee728b)
Start importing Assets/Low Poly FPS Pack/Components/Audio/Casings_&_Shells/casing-sound-1.wav using Guid(39a52c8570aa5ee4b8c76570a3eda151) Importer(815301076,1909f56bfc062723c751e8b465ee728b) [PhysX] Initialized MultithreadedTaskDispatcher with 16 workers.
[PhysX] Initialized MultithreadedTaskDispatcher with 16 workers.
 -> (artifact id: '0684f0e6a302a762315393c6f8d17ed1') in 0.022631 seconds
Number of updated asset objects reloaded before import = 0
Number of asset objects unloaded after import = 2
========================================================================
Received Import Request.
  Time since last request: 0.529459 seconds.
  path: Assets/Low Poly FPS Pack/Components/Audio/Casings_&_Shells/casing-sound-3.wav
  artifactKey: Guid(031057f31153d6e4da071a851d29e9e2) Importer(815301076,1909f56bfc062723c751e8b465ee728b)
Start importing Assets/Low Poly FPS Pack/Components/Audio/Casings_&_Shells/casing-sound-3.wav using Guid(031057f31153d6e4da071a851d29e9e2) Importer(815301076,1909f56bfc062723c751e8b465ee728b) [PhysX] Initialized MultithreadedTaskDispatcher with 16 workers.
[PhysX] Initialized MultithreadedTaskDispatcher with 16 workers.
 -> (artifact id: '1ad0f3fc1465838bc56bc9ed9bf4c994') in 0.025216 seconds
Number of updated asset objects reloaded before import = 0
Number of asset objects unloaded after import = 2
========================================================================
Received Import Request.
  Time since last request: 0.034817 seconds.
  path: Assets/Low Poly FPS Pack/Components/Audio/Casings_&_Shells/casing-sound-5.wav
  artifactKey: Guid(3f8b82312021c504f8a6212dddba71f3) Importer(815301076,1909f56bfc062723c751e8b465ee728b)
Start importing Assets/Low Poly FPS Pack/Components/Audio/Casings_&_Shells/casing-sound-5.wav using Guid(3f8b82312021c504f8a6212dddba71f3) Importer(815301076,1909f56bfc062723c751e8b465ee728b) [PhysX] Initialized MultithreadedTaskDispatcher with 16 workers.
[PhysX] Initialized MultithreadedTaskDispatcher with 16 workers.
 -> (artifact id: '8d9df985c06211f3ecdfb1fbe7aeda9e') in 0.021677 seconds
Number of updated asset objects reloaded before import = 0
Number of asset objects unloaded after import = 2
========================================================================
Received Import Request.
  Time since last request: 6.655651 seconds.
  path: Assets/Low Poly FPS Pack/Components/Audio/Misc/demo-scene-4-ambient-loop.wav
  artifactKey: Guid(45fae2f474ff8e54e83462770ca4b89f) Importer(815301076,1909f56bfc062723c751e8b465ee728b)
Start importing Assets/Low Poly FPS Pack/Components/Audio/Misc/demo-scene-4-ambient-loop.wav using Guid(45fae2f474ff8e54e83462770ca4b89f) Importer(815301076,1909f56bfc062723c751e8b465ee728b) [PhysX] Initialized MultithreadedTaskDispatcher with 16 workers.
[PhysX] Initialized MultithreadedTaskDispatcher with 16 workers.
 -> (artifact id: '04805c538520c67d7c0954ba832f5d57') in 0.274752 seconds
Number of updated asset objects reloaded before import = 0
Number of asset objects unloaded after import = 2
========================================================================
Received Import Request.
  Time since last request: 2.866772 seconds.
  path: Assets/Low Poly FPS Pack/Components/Audio/Explosions/explosion-1.wav
  artifactKey: Guid(dd0264e11df5d694fbe924abc3e80301) Importer(815301076,1909f56bfc062723c751e8b465ee728b)
Start importing Assets/Low Poly FPS Pack/Components/Audio/Explosions/explosion-1.wav using Guid(dd0264e11df5d694fbe924abc3e80301) Importer(815301076,1909f56bfc062723c751e8b465ee728b) [PhysX] Initialized MultithreadedTaskDispatcher with 16 workers.
[PhysX] Initialized MultithreadedTaskDispatcher with 16 workers.
 -> (artifact id: '5c8235763007b2493eee1614908e940e') in 0.036126 seconds
Number of updated asset objects reloaded before import = 0
Number of asset objects unloaded after import = 2
========================================================================
Received Import Request.
  Time since last request: 14.835226 seconds.
  path: Assets/Low Poly FPS Pack/Components/Audio/Explosions/explosion-2.wav
  artifactKey: Guid(ca80aad89fdc47a4b91e62a663ebd1f0) Importer(815301076,1909f56bfc062723c751e8b465ee728b)
Start importing Assets/Low Poly FPS Pack/Components/Audio/Explosions/explosion-2.wav using Guid(ca80aad89fdc47a4b91e62a663ebd1f0) Importer(815301076,1909f56bfc062723c751e8b465ee728b) [PhysX] Initialized MultithreadedTaskDispatcher with 16 workers.
[PhysX] Initialized MultithreadedTaskDispatcher with 16 workers.
 -> (artifact id: '8d4be2dee3adb1de9b9c16d28bae70a2') in 0.034609 seconds
Number of updated asset objects reloaded before import = 0
Number of asset objects unloaded after import = 2
========================================================================
Received Import Request.
  Time since last request: 11.510285 seconds.
  path: Assets/Low Poly FPS Pack/Components/Audio/Explosions/explosion-4.wav
  artifactKey: Guid(2cc6c6aebec9fd343aab9a4451b7e5e8) Importer(815301076,1909f56bfc062723c751e8b465ee728b)
Start importing Assets/Low Poly FPS Pack/Components/Audio/Explosions/explosion-4.wav using Guid(2cc6c6aebec9fd343aab9a4451b7e5e8) Importer(815301076,1909f56bfc062723c751e8b465ee728b) [PhysX] Initialized MultithreadedTaskDispatcher with 16 workers.
[PhysX] Initialized MultithreadedTaskDispatcher with 16 workers.
 -> (artifact id: '77662406e5df2717d45aeb814b649cb3') in 0.034188 seconds
Number of updated asset objects reloaded before import = 0
Number of asset objects unloaded after import = 2
========================================================================
Received Import Request.
  Time since last request: 1.739257 seconds.
  path: Assets/Low Poly FPS Pack/Components/Audio/Explosions/explosion-6.wav
  artifactKey: Guid(37a8c4b99174fa742938356c88331c14) Importer(815301076,1909f56bfc062723c751e8b465ee728b)
Start importing Assets/Low Poly FPS Pack/Components/Audio/Explosions/explosion-6.wav using Guid(37a8c4b99174fa742938356c88331c14) Importer(815301076,1909f56bfc062723c751e8b465ee728b) [PhysX] Initialized MultithreadedTaskDispatcher with 16 workers.
[PhysX] Initialized MultithreadedTaskDispatcher with 16 workers.
 -> (artifact id: 'b9d78c72727c2d615aa1d13570e87be5') in 0.032336 seconds
Number of updated asset objects reloaded before import = 0
Number of asset objects unloaded after import = 2
========================================================================
Received Import Request.
  Time since last request: 12.153408 seconds.
  path: Assets/Low Poly FPS Pack/Components/Audio/Misc/gas-tank-flame.wav
  artifactKey: Guid(7e4a16d97de04bb4f8db808e45a45098) Importer(815301076,1909f56bfc062723c751e8b465ee728b)
Start importing Assets/Low Poly FPS Pack/Components/Audio/Misc/gas-tank-flame.wav using Guid(7e4a16d97de04bb4f8db808e45a45098) Importer(815301076,1909f56bfc062723c751e8b465ee728b) [PhysX] Initialized MultithreadedTaskDispatcher with 16 workers.
[PhysX] Initialized MultithreadedTaskDispatcher with 16 workers.
 -> (artifact id: '3dea5e42158ec30081d1a95853f39616') in 0.040250 seconds
Number of updated asset objects reloaded before import = 0
Number of asset objects unloaded after import = 2
========================================================================
Received Import Request.
  Time since last request: 1.773048 seconds.
  path: Assets/Low Poly FPS Pack/Components/Audio/Grenade_Throw/grenade-throw.wav
  artifactKey: Guid(a640cc6972f037f4ca8f590635bb4f2a) Importer(815301076,1909f56bfc062723c751e8b465ee728b)
Start importing Assets/Low Poly FPS Pack/Components/Audio/Grenade_Throw/grenade-throw.wav using Guid(a640cc6972f037f4ca8f590635bb4f2a) Importer(815301076,1909f56bfc062723c751e8b465ee728b) [PhysX] Initialized MultithreadedTaskDispatcher with 16 workers.
[PhysX] Initialized MultithreadedTaskDispatcher with 16 workers.
 -> (artifact id: '991eee90b5d98463a9173e9b1c0a2586') in 0.030484 seconds
Number of updated asset objects reloaded before import = 0
Number of asset objects unloaded after import = 2
========================================================================
Received Import Request.
  Time since last request: 1.433116 seconds.
  path: Assets/Low Poly FPS Pack/Components/Audio/Gun_Reloads/Grenade_Launcher_01_Reloads/grenade_launcher_01_reload.mp3
  artifactKey: Guid(32bdef70ae91e7a4d89ea2c6dc4b1d3d) Importer(815301076,1909f56bfc062723c751e8b465ee728b)
Start importing Assets/Low Poly FPS Pack/Components/Audio/Gun_Reloads/Grenade_Launcher_01_Reloads/grenade_launcher_01_reload.mp3 using Guid(32bdef70ae91e7a4d89ea2c6dc4b1d3d) Importer(815301076,1909f56bfc062723c751e8b465ee728b) [PhysX] Initialized MultithreadedTaskDispatcher with 16 workers.
[PhysX] Initialized MultithreadedTaskDispatcher with 16 workers.
 -> (artifact id: '82e1720afca4b41d24e4478d3aa5726e') in 0.035286 seconds
Number of updated asset objects reloaded before import = 0
Number of asset objects unloaded after import = 2
========================================================================
Received Import Request.
  Time since last request: 4.877721 seconds.
  path: Assets/Low Poly FPS Pack/Components/Audio/Gun_Reloads/Handgun_01-04_Reloads/handgun_01-04_reload_out_of_ammo.mp3
  artifactKey: Guid(fee3a21f251a4914cabce25b13e7d2a8) Importer(815301076,1909f56bfc062723c751e8b465ee728b)
Start importing Assets/Low Poly FPS Pack/Components/Audio/Gun_Reloads/Handgun_01-04_Reloads/handgun_01-04_reload_out_of_ammo.mp3 using Guid(fee3a21f251a4914cabce25b13e7d2a8) Importer(815301076,1909f56bfc062723c751e8b465ee728b) [PhysX] Initialized MultithreadedTaskDispatcher with 16 workers.
[PhysX] Initialized MultithreadedTaskDispatcher with 16 workers.
 -> (artifact id: '0e2e3c0295c8da1878abba9a20c59a9f') in 0.027238 seconds
Number of updated asset objects reloaded before import = 0
Number of asset objects unloaded after import = 2
========================================================================
Received Import Request.
  Time since last request: 0.134266 seconds.
  path: Assets/Low Poly FPS Pack/Components/Audio/Impacts/impact-1.wav
  artifactKey: Guid(fceb333e433c97e4497267e3c3a508c3) Importer(815301076,1909f56bfc062723c751e8b465ee728b)
Start importing Assets/Low Poly FPS Pack/Components/Audio/Impacts/impact-1.wav using Guid(fceb333e433c97e4497267e3c3a508c3) Importer(815301076,1909f56bfc062723c751e8b465ee728b) [PhysX] Initialized MultithreadedTaskDispatcher with 16 workers.
[PhysX] Initialized MultithreadedTaskDispatcher with 16 workers.
 -> (artifact id: '2eff0895dc2a577b0cfc475bcd2712c8') in 0.020092 seconds
Number of updated asset objects reloaded before import = 0
Number of asset objects unloaded after import = 2
========================================================================
Received Import Request.
  Time since last request: 9.932063 seconds.
  path: Assets/Low Poly FPS Pack/Components/Audio/Impacts/impact-3.wav
  artifactKey: Guid(091908a06d0b56143aaf6d3913444ab7) Importer(815301076,1909f56bfc062723c751e8b465ee728b)
Start importing Assets/Low Poly FPS Pack/Components/Audio/Impacts/impact-3.wav using Guid(091908a06d0b56143aaf6d3913444ab7) Importer(815301076,1909f56bfc062723c751e8b465ee728b) [PhysX] Initialized MultithreadedTaskDispatcher with 16 workers.
[PhysX] Initialized MultithreadedTaskDispatcher with 16 workers.
 -> (artifact id: '42546fbe53a436764ac28c88e30f1d85') in 0.024993 seconds
Number of updated asset objects reloaded before import = 0
Number of asset objects unloaded after import = 2
========================================================================
Received Import Request.
  Time since last request: 0.121496 seconds.
  path: Assets/Low Poly FPS Pack/Components/Audio/Debris/metal-debris-1.wav
  artifactKey: Guid(f8fd487d40a01ed4d93646ed55b01caa) Importer(815301076,1909f56bfc062723c751e8b465ee728b)
Start importing Assets/Low Poly FPS Pack/Components/Audio/Debris/metal-debris-1.wav using Guid(f8fd487d40a01ed4d93646ed55b01caa) Importer(815301076,1909f56bfc062723c751e8b465ee728b) [PhysX] Initialized MultithreadedTaskDispatcher with 16 workers.
[PhysX] Initialized MultithreadedTaskDispatcher with 16 workers.
 -> (artifact id: '1fd189660ec7778d3531f1e4627e54f8') in 0.034832 seconds
Number of updated asset objects reloaded before import = 0
Number of asset objects unloaded after import = 2
========================================================================
Received Import Request.
  Time since last request: 10.417538 seconds.
  path: Assets/Low Poly FPS Pack/Components/Audio/Debris/metal-debris-3.wav
  artifactKey: Guid(60edd00008b29dd428e0a9ebfd7b83ce) Importer(815301076,1909f56bfc062723c751e8b465ee728b)
Start importing Assets/Low Poly FPS Pack/Components/Audio/Debris/metal-debris-3.wav using Guid(60edd00008b29dd428e0a9ebfd7b83ce) Importer(815301076,1909f56bfc062723c751e8b465ee728b) [PhysX] Initialized MultithreadedTaskDispatcher with 16 workers.
[PhysX] Initialized MultithreadedTaskDispatcher with 16 workers.
 -> (artifact id: '23e9ca04a4d1d303ca4cb8295d24118b') in 0.037580 seconds
Number of updated asset objects reloaded before import = 0
Number of asset objects unloaded after import = 2
========================================================================
Received Import Request.
  Time since last request: 2.547552 seconds.
  path: Assets/Low Poly FPS Pack/Components/Audio/Debris/metal-debris-5.wav
  artifactKey: Guid(74ae15352e8603f41895eaf71d4ed3d6) Importer(815301076,1909f56bfc062723c751e8b465ee728b)
Start importing Assets/Low Poly FPS Pack/Components/Audio/Debris/metal-debris-5.wav using Guid(74ae15352e8603f41895eaf71d4ed3d6) Importer(815301076,1909f56bfc062723c751e8b465ee728b) [PhysX] Initialized MultithreadedTaskDispatcher with 16 workers.
[PhysX] Initialized MultithreadedTaskDispatcher with 16 workers.
 -> (artifact id: '668a0294d097c9279d78e12a38ec8f9b') in 0.033350 seconds
Number of updated asset objects reloaded before import = 0
Number of asset objects unloaded after import = 2
========================================================================
Received Import Request.
  Time since last request: 10.926023 seconds.
  path: Assets/Low Poly FPS Pack/Components/Audio/Gun_Reloads/Rocket_Launcher_01_Reloads/rocket_launcher_01_reload.mp3
  artifactKey: Guid(5e815e9bcf2d45b46b942b8f91b882e9) Importer(815301076,1909f56bfc062723c751e8b465ee728b)
Start importing Assets/Low Poly FPS Pack/Components/Audio/Gun_Reloads/Rocket_Launcher_01_Reloads/rocket_launcher_01_reload.mp3 using Guid(5e815e9bcf2d45b46b942b8f91b882e9) Importer(815301076,1909f56bfc062723c751e8b465ee728b) [PhysX] Initialized MultithreadedTaskDispatcher with 16 workers.
[PhysX] Initialized MultithreadedTaskDispatcher with 16 workers.
 -> (artifact id: 'c34e34b4b324de4989fa902678e5566e') in 0.036764 seconds
Number of updated asset objects reloaded before import = 0
Number of asset objects unloaded after import = 2
========================================================================
Received Import Request.
  Time since last request: 0.736039 seconds.
  path: Assets/Low Poly FPS Pack/Components/Audio/Casings_&_Shells/shell-sound-1.wav
  artifactKey: Guid(c0f50664ca21fe342ab60ed277d0ce3e) Importer(815301076,1909f56bfc062723c751e8b465ee728b)
Start importing Assets/Low Poly FPS Pack/Components/Audio/Casings_&_Shells/shell-sound-1.wav using Guid(c0f50664ca21fe342ab60ed277d0ce3e) Importer(815301076,1909f56bfc062723c751e8b465ee728b) [PhysX] Initialized MultithreadedTaskDispatcher with 16 workers.
[PhysX] Initialized MultithreadedTaskDispatcher with 16 workers.
 -> (artifact id: '964a145d2258445e2ef80b0b0e3b081d') in 0.030062 seconds
Number of updated asset objects reloaded before import = 0
Number of asset objects unloaded after import = 2
========================================================================
Received Import Request.
  Time since last request: 2.260775 seconds.
  path: Assets/Low Poly FPS Pack/Components/Audio/Casings_&_Shells/shell-sound-3.wav
  artifactKey: Guid(521a6401b920aaf439331f7bc6dae704) Importer(815301076,1909f56bfc062723c751e8b465ee728b)
Start importing Assets/Low Poly FPS Pack/Components/Audio/Casings_&_Shells/shell-sound-3.wav using Guid(521a6401b920aaf439331f7bc6dae704) Importer(815301076,1909f56bfc062723c751e8b465ee728b) [PhysX] Initialized MultithreadedTaskDispatcher with 16 workers.
[PhysX] Initialized MultithreadedTaskDispatcher with 16 workers.
 -> (artifact id: 'ece7b19334bc87873db512bc2d6e354f') in 0.119892 seconds
Number of updated asset objects reloaded before import = 0
Number of asset objects unloaded after import = 2
========================================================================
Received Import Request.
  Time since last request: 1.850490 seconds.
  path: Assets/Low Poly FPS Pack/Components/Audio/Gun_Reloads/Shotgun_01_Reloads/shotgun_01_reload_insert.mp3
  artifactKey: Guid(627283682cdb8784f9b8f4279751facf) Importer(815301076,1909f56bfc062723c751e8b465ee728b)
Start importing Assets/Low Poly FPS Pack/Components/Audio/Gun_Reloads/Shotgun_01_Reloads/shotgun_01_reload_insert.mp3 using Guid(627283682cdb8784f9b8f4279751facf) Importer(815301076,1909f56bfc062723c751e8b465ee728b) [PhysX] Initialized MultithreadedTaskDispatcher with 16 workers.
[PhysX] Initialized MultithreadedTaskDispatcher with 16 workers.
 -> (artifact id: '4619df7218056cfd3c2612bd002d33b5') in 0.040538 seconds
Number of updated asset objects reloaded before import = 0
Number of asset objects unloaded after import = 2
========================================================================
Received Import Request.
  Time since last request: 0.006010 seconds.
  path: Assets/Low Poly FPS Pack/Components/Audio/Gun_Reloads/SMG_01_Reloads/smg_01_reload_ammo_left.mp3
  artifactKey: Guid(1f1a075a6db00934ca52a35f678cf2ae) Importer(815301076,1909f56bfc062723c751e8b465ee728b)
Start importing Assets/Low Poly FPS Pack/Components/Audio/Gun_Reloads/SMG_01_Reloads/smg_01_reload_ammo_left.mp3 using Guid(1f1a075a6db00934ca52a35f678cf2ae) Importer(815301076,1909f56bfc062723c751e8b465ee728b) [PhysX] Initialized MultithreadedTaskDispatcher with 16 workers.
[PhysX] Initialized MultithreadedTaskDispatcher with 16 workers.
 -> (artifact id: '86c05ec958f0c74fc86213c348cc5f41') in 0.042364 seconds
Number of updated asset objects reloaded before import = 0
Number of asset objects unloaded after import = 2
========================================================================
Received Import Request.
  Time since last request: 0.939260 seconds.
  path: Assets/Low Poly FPS Pack/Components/Audio/Gun_Reloads/SMG_02_Reloads/smg_02_reload_ammo_left.mp3
  artifactKey: Guid(a1ff85f8e2a99d246aae454bcd37d903) Importer(815301076,1909f56bfc062723c751e8b465ee728b)
Start importing Assets/Low Poly FPS Pack/Components/Audio/Gun_Reloads/SMG_02_Reloads/smg_02_reload_ammo_left.mp3 using Guid(a1ff85f8e2a99d246aae454bcd37d903) Importer(815301076,1909f56bfc062723c751e8b465ee728b) [PhysX] Initialized MultithreadedTaskDispatcher with 16 workers.
[PhysX] Initialized MultithreadedTaskDispatcher with 16 workers.
 -> (artifact id: '08031fce005d2110eec7e7832b76d4de') in 0.033408 seconds
Number of updated asset objects reloaded before import = 0
Number of asset objects unloaded after import = 2
========================================================================
Received Import Request.
  Time since last request: 0.785608 seconds.
  path: Assets/Low Poly FPS Pack/Components/Audio/Gun_Reloads/SMG_03_Reloads/smg_03_reload_ammo_left.mp3
  artifactKey: Guid(43f13be169940b748bb475704fb238d9) Importer(815301076,1909f56bfc062723c751e8b465ee728b)
Start importing Assets/Low Poly FPS Pack/Components/Audio/Gun_Reloads/SMG_03_Reloads/smg_03_reload_ammo_left.mp3 using Guid(43f13be169940b748bb475704fb238d9) Importer(815301076,1909f56bfc062723c751e8b465ee728b) [PhysX] Initialized MultithreadedTaskDispatcher with 16 workers.
[PhysX] Initialized MultithreadedTaskDispatcher with 16 workers.
 -> (artifact id: '0ca37067d116f95b8a2de2278c29bead') in 0.033065 seconds
Number of updated asset objects reloaded before import = 0
Number of asset objects unloaded after import = 2
========================================================================
Received Import Request.
  Time since last request: 1.512722 seconds.
  path: Assets/Low Poly FPS Pack/Components/Audio/Gun_Reloads/SMG_04_Reloads/smg_04_reload_ammo_left.mp3
  artifactKey: Guid(d4e6ab2db8eedf247b8c757846157d44) Importer(815301076,1909f56bfc062723c751e8b465ee728b)
Start importing Assets/Low Poly FPS Pack/Components/Audio/Gun_Reloads/SMG_04_Reloads/smg_04_reload_ammo_left.mp3 using Guid(d4e6ab2db8eedf247b8c757846157d44) Importer(815301076,1909f56bfc062723c751e8b465ee728b) [PhysX] Initialized MultithreadedTaskDispatcher with 16 workers.
[PhysX] Initialized MultithreadedTaskDispatcher with 16 workers.
 -> (artifact id: '23147168459568566982d18a908ec555') in 0.026564 seconds
Number of updated asset objects reloaded before import = 0
Number of asset objects unloaded after import = 2
========================================================================
Received Import Request.
  Time since last request: 0.045425 seconds.
  path: Assets/Low Poly FPS Pack/Components/Audio/Gun_Reloads/SMG_05_Reloads/smg_05_reload_ammo_left.mp3
  artifactKey: Guid(5bff4e824d7ec1747a980129b3833cf3) Importer(815301076,1909f56bfc062723c751e8b465ee728b)
Start importing Assets/Low Poly FPS Pack/Components/Audio/Gun_Reloads/SMG_05_Reloads/smg_05_reload_ammo_left.mp3 using Guid(5bff4e824d7ec1747a980129b3833cf3) Importer(815301076,1909f56bfc062723c751e8b465ee728b) [PhysX] Initialized MultithreadedTaskDispatcher with 16 workers.
[PhysX] Initialized MultithreadedTaskDispatcher with 16 workers.
 -> (artifact id: '2da2e82ae0a07e8d8cf6b383d631a964') in 0.032692 seconds
Number of updated asset objects reloaded before import = 0
Number of asset objects unloaded after import = 2
========================================================================
Received Import Request.
  Time since last request: 0.611089 seconds.
  path: Assets/Low Poly FPS Pack/Components/Audio/Gun_Reloads/Sniper_01_Reloads/sniper_01_reload_close.mp3
  artifactKey: Guid(f73ce9d68f9e1ca4f9082ee1d1808ad5) Importer(815301076,1909f56bfc062723c751e8b465ee728b)
Start importing Assets/Low Poly FPS Pack/Components/Audio/Gun_Reloads/Sniper_01_Reloads/sniper_01_reload_close.mp3 using Guid(f73ce9d68f9e1ca4f9082ee1d1808ad5) Importer(815301076,1909f56bfc062723c751e8b465ee728b) [PhysX] Initialized MultithreadedTaskDispatcher with 16 workers.
[PhysX] Initialized MultithreadedTaskDispatcher with 16 workers.
 -> (artifact id: '1b518efe9a719f4895731347da9ab111') in 0.026058 seconds
Number of updated asset objects reloaded before import = 0
Number of asset objects unloaded after import = 2
========================================================================
Received Import Request.
  Time since last request: 0.037782 seconds.
  path: Assets/Low Poly FPS Pack/Components/Audio/Gun_Reloads/Sniper_01_Reloads/sniper_01_reload_open.mp3
  artifactKey: Guid(2bd3464bb5afb704a89469a5ecf72ec5) Importer(815301076,1909f56bfc062723c751e8b465ee728b)
Start importing Assets/Low Poly FPS Pack/Components/Audio/Gun_Reloads/Sniper_01_Reloads/sniper_01_reload_open.mp3 using Guid(2bd3464bb5afb704a89469a5ecf72ec5) Importer(815301076,1909f56bfc062723c751e8b465ee728b) [PhysX] Initialized MultithreadedTaskDispatcher with 16 workers.
[PhysX] Initialized MultithreadedTaskDispatcher with 16 workers.
 -> (artifact id: 'bad84641d42717b1ee4415c9cb199480') in 0.019775 seconds
Number of updated asset objects reloaded before import = 0
Number of asset objects unloaded after import = 2
========================================================================
Received Import Request.
  Time since last request: 0.000029 seconds.
  path: Assets/Low Poly FPS Pack/Components/Audio/Gun_Reloads/Sniper_03_Reloads/sniper_03_reload_ammo_left.mp3
  artifactKey: Guid(7768ee88e89dc754490e9b73bb7f33d1) Importer(815301076,1909f56bfc062723c751e8b465ee728b)
Start importing Assets/Low Poly FPS Pack/Components/Audio/Gun_Reloads/Sniper_03_Reloads/sniper_03_reload_ammo_left.mp3 using Guid(7768ee88e89dc754490e9b73bb7f33d1) Importer(815301076,1909f56bfc062723c751e8b465ee728b) [PhysX] Initialized MultithreadedTaskDispatcher with 16 workers.
[PhysX] Initialized MultithreadedTaskDispatcher with 16 workers.
 -> (artifact id: 'e63c2ba10fac80a1365670c182cfd10c') in 0.036569 seconds
Number of updated asset objects reloaded before import = 0
Number of asset objects unloaded after import = 2
========================================================================
Received Import Request.
  Time since last request: 0.248499 seconds.
  path: Assets/Low Poly FPS Pack/Components/Audio/Gun_Reloads/Sniper_03_Reloads/sniper_03_reload_out_of_ammo.mp3
  artifactKey: Guid(23f564544aac75340b820dbfb27ea183) Importer(815301076,1909f56bfc062723c751e8b465ee728b)
Start importing Assets/Low Poly FPS Pack/Components/Audio/Gun_Reloads/Sniper_03_Reloads/sniper_03_reload_out_of_ammo.mp3 using Guid(23f564544aac75340b820dbfb27ea183) Importer(815301076,1909f56bfc062723c751e8b465ee728b) [PhysX] Initialized MultithreadedTaskDispatcher with 16 workers.
[PhysX] Initialized MultithreadedTaskDispatcher with 16 workers.
 -> (artifact id: '14fa3a57c389eccfc93c584d4fb1f9f0') in 0.038686 seconds
Number of updated asset objects reloaded before import = 0
Number of asset objects unloaded after import = 2
========================================================================
Received Import Request.
  Time since last request: 0.000028 seconds.
  path: Assets/Low Poly FPS Pack/Components/Audio/Misc/take_out_weapon.mp3
  artifactKey: Guid(2ae41e984ff1f3e4a840a1a46b6a8816) Importer(815301076,1909f56bfc062723c751e8b465ee728b)
Start importing Assets/Low Poly FPS Pack/Components/Audio/Misc/take_out_weapon.mp3 using Guid(2ae41e984ff1f3e4a840a1a46b6a8816) Importer(815301076,1909f56bfc062723c751e8b465ee728b) [PhysX] Initialized MultithreadedTaskDispatcher with 16 workers.
[PhysX] Initialized MultithreadedTaskDispatcher with 16 workers.
 -> (artifact id: '844398a3d3ef414beac12cc403277cd3') in 0.030429 seconds
Number of updated asset objects reloaded before import = 0
Number of asset objects unloaded after import = 2
========================================================================
Received Import Request.
  Time since last request: 0.228391 seconds.
  path: Assets/Low Poly FPS Pack/Components/Audio/Misc/target-go-down.wav
  artifactKey: Guid(0a3d74157d2f1714894e1358632773c8) Importer(815301076,1909f56bfc062723c751e8b465ee728b)
Start importing Assets/Low Poly FPS Pack/Components/Audio/Misc/target-go-down.wav using Guid(0a3d74157d2f1714894e1358632773c8) Importer(815301076,1909f56bfc062723c751e8b465ee728b) [PhysX] Initialized MultithreadedTaskDispatcher with 16 workers.
[PhysX] Initialized MultithreadedTaskDispatcher with 16 workers.
 -> (artifact id: '44364f10b00fb5907fb1a54f8b0f07b0') in 0.033751 seconds
Number of updated asset objects reloaded before import = 0
Number of asset objects unloaded after import = 2
========================================================================
Received Import Request.
  Time since last request: 0.000041 seconds.
  path: Assets/Low Poly FPS Pack/Components/Audio/Impacts/thud.wav
  artifactKey: Guid(89b4957f2e6ee4740adfdccd422b9262) Importer(815301076,1909f56bfc062723c751e8b465ee728b)
Start importing Assets/Low Poly FPS Pack/Components/Audio/Impacts/thud.wav using Guid(89b4957f2e6ee4740adfdccd422b9262) Importer(815301076,1909f56bfc062723c751e8b465ee728b) [PhysX] Initialized MultithreadedTaskDispatcher with 16 workers.
[PhysX] Initialized MultithreadedTaskDispatcher with 16 workers.
 -> (artifact id: '22649eae58b1a6e3ee2e1645ae8d33a7') in 0.029154 seconds
Number of updated asset objects reloaded before import = 0
Number of asset objects unloaded after import = 2
========================================================================
Received Prepare
Caller must complete domain reload
Begin MonoManager ReloadAssembly
Symbol file LoadedFromMemory is not a mono symbol file
- Loaded All Assemblies, in  0.786 seconds
Native extension for WindowsStandalone target not found
Native extension for Android target not found
Native extension for WebGL target not found
[Package Manager] Server::EnsureServerProcessIsRunning -- launch failed, reason: Unity was launched with the -noUpm command-line argument
[Package Manager] UpmClient::Send -- Unable to send message (not connected to UPM process).
[Package Manager] Cannot connect to Unity Package Manager local server
System.Reflection.TargetInvocationException: Exception has been thrown by the target of an invocation. ---> System.NullReferenceException: Object reference not set to an instance of an object
  at Unity.XR.Oculus.OculusLoader.AssetPathToAbsolutePath (System.String assetPath) [0x0003d] in .\Library\PackageCache\com.unity.xr.oculus@4.4.0\Runtime\OculusLoader.cs:307 
  at Unity.XR.Oculus.OculusLoader.EditorLoadOVRPlugin () [0x0008c] in .\Library\PackageCache\com.unity.xr.oculus@4.4.0\Runtime\OculusLoader.cs:292 
  at (wrapper managed-to-native) System.Reflection.RuntimeMethodInfo.InternalInvoke(System.Reflection.RuntimeMethodInfo,object,object[],System.Exception&)
  at System.Reflection.RuntimeMethodInfo.Invoke (System.Object obj, System.Reflection.BindingFlags invokeAttr, System.Reflection.Binder binder, System.Object[] parameters, System.Globalization.CultureInfo culture) [0x0006a] in <de920293e401402ab375ad8a2e1b19da>:0 
   --- End of inner exception stack trace ---
  at System.Reflection.RuntimeMethodInfo.Invoke (System.Object obj, System.Reflection.BindingFlags invokeAttr, System.Reflection.Binder binder, System.Object[] parameters, System.Globalization.CultureInfo culture) [0x00083] in <de920293e401402ab375ad8a2e1b19da>:0 
  at System.Reflection.MethodBase.Invoke (System.Object obj, System.Object[] parameters) [0x00000] in <de920293e401402ab375ad8a2e1b19da>:0 
  at UnityEditor.EditorAssemblies.ProcessInitializeOnLoadMethodAttributes () [0x000a5] in <640f15c92bca44e9b6f40fd24ba493a2>:0 
UnityEngine.StackTraceUtility:ExtractStackTrace ()
UnityEngine.DebugLogHandler:LogFormat (UnityEngine.LogType,UnityEngine.Object,string,object[])
UnityEngine.Logger:Log (UnityEngine.LogType,object)
UnityEngine.Debug:LogError (object)
UnityEditor.EditorAssemblies:ProcessInitializeOnLoadMethodAttributes ()

Mono: successfully reloaded assembly
[Package Manager] Server::EnsureServerProcessIsRunning -- launch failed, reason: Unity was launched with the -noUpm command-line argument
[Package Manager] UpmClient::Send -- Unable to send message (not connected to UPM process).
[Package Manager] Cannot connect to Unity Package Manager local server
- Finished resetting the current domain, in  3.398 seconds
Domain Reload Profiling: 4182ms
	BeginReloadAssembly (248ms)
		ExecutionOrderSort (0ms)
		DisableScriptedObjects (7ms)
		BackupInstance (0ms)
		ReleaseScriptingObjects (0ms)
		CreateAndSetChildDomain (59ms)
	RebuildCommonClasses (42ms)
	RebuildNativeTypeToScriptingClass (15ms)
	initialDomainReloadingComplete (38ms)
	LoadAllAssembliesAndSetupDomain (441ms)
		LoadAssemblies (552ms)
		RebuildTransferFunctionScriptingTraits (0ms)
		AnalyzeDomain (32ms)
			TypeCache.Refresh (10ms)
				TypeCache.ScanAssembly (0ms)
			ScanForSourceGeneratedMonoScriptInfo (0ms)
			ResolveRequiredComponents (20ms)
	FinalizeReload (3399ms)
		ReleaseScriptCaches (0ms)
		RebuildScriptCaches (0ms)
		SetupLoadedEditorAssemblies (1380ms)
			LogAssemblyErrors (0ms)
			InitializePlatformSupportModulesInManaged (31ms)
			SetLoadedEditorAssemblies (9ms)
			RefreshPlugins (0ms)
			BeforeProcessingInitializeOnLoad (158ms)
			ProcessInitializeOnLoadAttributes (776ms)
			ProcessInitializeOnLoadMethodAttributes (401ms)
			AfterProcessingInitializeOnLoad (4ms)
			EditorAssembliesLoaded (1ms)
		ExecutionOrderSort2 (0ms)
		AwakeInstancesAfterBackupRestoration (26ms)
Refreshing native plugins compatible for Editor in 32.73 ms, found 13 plugins.
Preloading 1 native plugins for Editor in 0.08 ms.
Unloading 7339 Unused Serialized files (Serialized files now loaded: 0)
Unloading 134 unused Assets / (1.6 MB). Loaded Objects now: 7996.
Memory consumption went from 328.9 MB to 327.3 MB.
Total: 12.849500 ms (FindLiveObjects: 0.814400 ms CreateObjectMapping: 0.390900 ms MarkObjects: 10.969700 ms  DeleteObjects: 0.672600 ms)

Prepare: number of updated asset objects reloaded= 0
AssetImportParameters requested are different than current active one (requested -> active):
  custom:container-demuxer-ogg: 62fdf1f143b41e24485cea50d1cbac27 -> 
  custom:framework-win-MediaFoundation: 216162199b28c13a410421893ffa2e32 -> 
  custom:scripting/monoscript/fileName/SimpleVRBat.cs: 913a1ca9a4d62e37a62a9de5de30682e -> 
  custom:container-muxer-webm: aa71ff27fc2769a1b78a27578f13a17b -> 
  custom:video-decoder-webm-vp8: 9c59270c3fd7afecdb556c50c9e8de78 -> 
  custom:SearchIndexIgnoredProperties: e643bd26f0fe6173181afceb89e7c659 -> 
  custom:AudioImporter_EditorPlatform: d09bf68614088b80899f8185d706f6e7 -> 
  custom:audio-decoder-ogg-vorbis: bf7c407c2cedff20999df2af8eb42d56 -> 
  custom:audio-encoder-webm-vorbis: bf7c407c2cedff20999df2af8eb42d56 -> 
  custom:scripting/monoscript/fileName/VRHeadRotationSync.cs: 160a133c8713cf1d5ed38632d5d3922f -> 
  custom:scripting/monoscript/fileName/VRBaseballBat.cs: b177bd998e278abccf7859ca81923544 -> 
  custom:video-decoder-ogg-theora: a1e56fd34408186e4bbccfd4996cb3dc -> 
  custom:CustomObjectIndexerAttribute: 72b91833f83ae208fae7752999fa3104 -> 
  custom:container-demuxer-webm: 4f35f7cbe854078d1ac9338744f61a02 -> 
  custom:video-encoder-webm-vp8: eb34c28f22e8b96e1ab97ce403110664 -> 
